

# https://docs.aws.amazon.com/serverless-application-model/latest/developerguide/serverless-sam-cli-install-linux.html
# https://docs.aws.amazon.com/serverless-application-model/latest/developerguide/serverless-getting-started-hello-world.html


yum install -y python-pip
/bin/bash -c "$(curl -fsSL https://raw.githubusercontent.com/Homebrew/install/master/install.sh)"
test -d ~/.linuxbrew && eval $(~/.linuxbrew/bin/brew shellenv)
test -d /home/linuxbrew/.linuxbrew && eval $(/home/linuxbrew/.linuxbrew/bin/brew shellenv)
test -r ~/.bash_profile && echo "eval \$($(brew --prefix)/bin/brew shellenv)" >>~/.bash_profile
echo "eval \$($(brew --prefix)/bin/brew shellenv)" >>~/.profile"
brew --version
brew tap aws/tap
brew install aws-sam-cli
sam --version
# brew upgrade aws-sam-cli




[ec2-user@ip-172-31-82-185 ~]$ sam --version
SAM CLI, version 1.6.2
[ec2-user@ip-172-31-82-185 ~]$ sam init

        SAM CLI now collects telemetry to better understand customer needs.

        You can OPT OUT and disable telemetry collection by setting the
        environment variable SAM_CLI_TELEMETRY=0 in your shell.
        Thanks for your help!

        Learn More: https://docs.aws.amazon.com/serverless-application-model/latest/developerguide/serverless-sam-telemetry.html

Which template source would you like to use?
        1 - AWS Quick Start Templates
        2 - Custom Template Location
Choice: 1

Which runtime would you like to use?
        1 - nodejs12.x
        2 - python3.8
        3 - ruby2.7
        4 - go1.x
        5 - java11
        6 - dotnetcore3.1
        7 - nodejs10.x
        8 - python3.7
        9 - python3.6
        10 - python2.7
        11 - ruby2.5
        12 - java8.al2
        13 - java8
        14 - dotnetcore2.1
Runtime: 10

Project name [sam-app]:

Cloning app templates from https://github.com/awslabs/aws-sam-cli-app-templates.git

AWS quick start application templates:
        1 - Hello World Example
        2 - Step Functions Sample App (Stock Trader)
Template selection: 1

-----------------------
Generating application:
-----------------------
Name: sam-app
Runtime: python2.7
Dependency Manager: pip
Application Template: hello-world
Output Directory: .

Next steps can be found in the README file at ./sam-app/README.md

[ec2-user@ip-172-31-82-185 ~]$ cd sam-app/
[ec2-user@ip-172-31-82-185 sam-app]$ cat template.yaml
AWSTemplateFormatVersion: '2010-09-09'
Transform: AWS::Serverless-2016-10-31
Description: >
  sam-app

  Sample SAM Template for sam-app

# More info about Globals: https://github.com/awslabs/serverless-application-model/blob/master/docs/globals.rst
Globals:
  Function:
    Timeout: 3

Resources:
  HelloWorldFunction:
    Type: AWS::Serverless::Function # More info about Function Resource: https://github.com/awslabs/serverless-application-model/blob/master/versions/2016-10-31.md#awsserverlessfunction
    Properties:
      CodeUri: hello_world/
      Handler: app.lambda_handler
      Runtime: python2.7
      Events:
        HelloWorld:
          Type: Api # More info about API Event Source: https://github.com/awslabs/serverless-application-model/blob/master/versions/2016-10-31.md#api
          Properties:
            Path: /hello
            Method: get

Outputs:
  # ServerlessRestApi is an implicit API created out of Events key under Serverless::Function
  # Find out more about other implicit resources you can reference within SAM
  # https://github.com/awslabs/serverless-application-model/blob/master/docs/internals/generated_resources.rst#api
  HelloWorldApi:
    Description: "API Gateway endpoint URL for Prod stage for Hello World function"
    Value: !Sub "https://${ServerlessRestApi}.execute-api.${AWS::Region}.amazonaws.com/Prod/hello/"
  HelloWorldFunction:
    Description: "Hello World Lambda Function ARN"
    Value: !GetAtt HelloWorldFunction.Arn
  HelloWorldFunctionIamRole:
    Description: "Implicit IAM Role created for Hello World function"
    Value: !GetAtt HelloWorldFunctionRole.Arn
[ec2-user@ip-172-31-82-185 sam-app]$ python --version
Python 2.7.18


[ec2-user@ip-172-31-82-185 sam-app]$ cd ..


[ec2-user@ip-172-31-82-185 ~]$ vi .aws-sam/credentials


[ec2-user@ip-172-31-82-185 ~]$ mkdir .aws


[ec2-user@ip-172-31-82-185 ~]$ cp .aws-sam/credentials .aws/


[ec2-user@ip-172-31-82-185 ~]$ cd sam-app/






[ec2-user@ip-172-31-82-185 sam-app]$ sam deploy --guided

Configuring SAM deploy
======================

        Looking for config file [samconfig.toml] :  Not found

        Setting default arguments for 'sam deploy'
        =========================================
        Stack Name [sam-app]:
        AWS Region [us-east-1]:
        #Shows you resources changes to be deployed and require a 'Y' to initiate deploy
        Confirm changes before deploy [y/N]:
        #SAM needs permission to be able to create roles to connect to the resources in your template
        Allow SAM CLI IAM role creation [Y/n]:
        HelloWorldFunction may not have authorization defined, Is this okay? [y/N]: Y
        Save arguments to configuration file [Y/n]:
        SAM configuration file [samconfig.toml]:
        SAM configuration environment [default]:

        Looking for resources needed for deployment: Not found.
        Creating the required resources...
        Successfully created!

                Managed S3 bucket: aws-sam-cli-managed-default-samclisourcebucket-j546x6o7e1hu
                A different default S3 bucket can be set in samconfig.toml

        Saved arguments to config file
        Running 'sam deploy' for future deployments will use the parameters saved above.
        The above parameters can be changed by modifying samconfig.toml
        Learn more about samconfig.toml syntax at
        https://docs.aws.amazon.com/serverless-application-model/latest/developerguide/serverless-sam-cli-config.html
Uploading to sam-app/c508ae148912fb3ec7cb02b06aac8515  538937 / 538937.0  (100.00%)

        Deploying with following values
        ===============================
        Stack name                 : sam-app
        Region                     : us-east-1
        Confirm changeset          : False
        Deployment s3 bucket       : aws-sam-cli-managed-default-samclisourcebucket-j546x6o7e1hu
        Capabilities               : ["CAPABILITY_IAM"]
        Parameter overrides        : {}

Initiating deployment
=====================
HelloWorldFunction may not have authorization defined.
Uploading to sam-app/ebafee1b08adc2d401b5b26f315b3081.template  1089 / 1089.0  (100.00%)

Waiting for changeset to be created..

CloudFormation stack changeset
-----------------------------------------------------------------------------------------------------------------------------------------------------------------------------
Operation                                   LogicalResourceId                           ResourceType                                Replacement
-----------------------------------------------------------------------------------------------------------------------------------------------------------------------------
+ Add                                       HelloWorldFunctionHelloWorldPermissionPro   AWS::Lambda::Permission                     N/A
                                            d
+ Add                                       HelloWorldFunctionRole                      AWS::IAM::Role                              N/A
+ Add                                       HelloWorldFunction                          AWS::Lambda::Function                       N/A
+ Add                                       ServerlessRestApiDeployment47fc2d5f9d       AWS::ApiGateway::Deployment                 N/A
+ Add                                       ServerlessRestApiProdStage                  AWS::ApiGateway::Stage                      N/A
+ Add                                       ServerlessRestApi                           AWS::ApiGateway::RestApi                    N/A
-----------------------------------------------------------------------------------------------------------------------------------------------------------------------------

Changeset created successfully. arn:aws:cloudformation:us-east-1:554530393359:changeSet/samcli-deploy1602719219/744b562e-120e-4b7e-aa2c-c2435e5667a1


2020-10-14 23:47:09 - Waiting for stack create/update to complete

CloudFormation events from changeset
-----------------------------------------------------------------------------------------------------------------------------------------------------------------------------
ResourceStatus                              ResourceType                                LogicalResourceId                           ResourceStatusReason
-----------------------------------------------------------------------------------------------------------------------------------------------------------------------------
CREATE_IN_PROGRESS                          AWS::IAM::Role                              HelloWorldFunctionRole                      -
CREATE_IN_PROGRESS                          AWS::IAM::Role                              HelloWorldFunctionRole                      Resource creation Initiated
CREATE_COMPLETE                             AWS::IAM::Role                              HelloWorldFunctionRole                      -
CREATE_IN_PROGRESS                          AWS::Lambda::Function                       HelloWorldFunction                          -
CREATE_IN_PROGRESS                          AWS::Lambda::Function                       HelloWorldFunction                          Resource creation Initiated
CREATE_COMPLETE                             AWS::Lambda::Function                       HelloWorldFunction                          -
CREATE_IN_PROGRESS                          AWS::ApiGateway::RestApi                    ServerlessRestApi                           -
CREATE_IN_PROGRESS                          AWS::ApiGateway::RestApi                    ServerlessRestApi                           Resource creation Initiated
CREATE_COMPLETE                             AWS::ApiGateway::RestApi                    ServerlessRestApi                           -
CREATE_IN_PROGRESS                          AWS::Lambda::Permission                     HelloWorldFunctionHelloWorldPermissionPro   Resource creation Initiated
                                                                                        d
CREATE_IN_PROGRESS                          AWS::ApiGateway::Deployment                 ServerlessRestApiDeployment47fc2d5f9d       -
CREATE_IN_PROGRESS                          AWS::Lambda::Permission                     HelloWorldFunctionHelloWorldPermissionPro   -
                                                                                        d
CREATE_COMPLETE                             AWS::ApiGateway::Deployment                 ServerlessRestApiDeployment47fc2d5f9d       -
CREATE_IN_PROGRESS                          AWS::ApiGateway::Deployment                 ServerlessRestApiDeployment47fc2d5f9d       Resource creation Initiated
CREATE_IN_PROGRESS                          AWS::ApiGateway::Stage                      ServerlessRestApiProdStage                  -
CREATE_IN_PROGRESS                          AWS::ApiGateway::Stage                      ServerlessRestApiProdStage                  Resource creation Initiated
CREATE_COMPLETE                             AWS::ApiGateway::Stage                      ServerlessRestApiProdStage                  -
CREATE_COMPLETE                             AWS::Lambda::Permission                     HelloWorldFunctionHelloWorldPermissionPro   -
                                                                                        d
CREATE_COMPLETE                             AWS::CloudFormation::Stack                  sam-app                                     -
-----------------------------------------------------------------------------------------------------------------------------------------------------------------------------

CloudFormation outputs from deployed stack
-----------------------------------------------------------------------------------------------------------------------------------------------------------------------------
Outputs
-----------------------------------------------------------------------------------------------------------------------------------------------------------------------------
Key                 HelloWorldFunctionIamRole
Description         Implicit IAM Role created for Hello World function
Value               arn:aws:iam::554530393359:role/sam-app-HelloWorldFunctionRole-V17RMMSBCHWM

Key                 HelloWorldApi
Description         API Gateway endpoint URL for Prod stage for Hello World function
Value               https://68rwvxxc95.execute-api.us-east-1.amazonaws.com/Prod/hello/

Key                 HelloWorldFunction
Description         Hello World Lambda Function ARN
Value               arn:aws:lambda:us-east-1:554530393359:function:sam-app-HelloWorldFunction-CU2U2RH0KD07
-----------------------------------------------------------------------------------------------------------------------------------------------------------------------------

Successfully created/updated stack - sam-app in us-east-1





curl https://<restapiid>.execute-api.us-east-1.amazonaws.com/Prod/hello/


[ec2-user@ip-172-31-82-185 sam-app]$ curl https://68rwvxxc95.execute-api.us-east-1.amazonaws.com/Prod/hello/
{"message": "hello world"}


#########################################################################################################################
### Template no AWS cloudformation
#########################################################################################################################

AWSTemplateFormatVersion: '2010-09-09'
Transform: AWS::Serverless-2016-10-31
Description: 'sam-app

  Sample SAM Template for sam-app

  '
Globals:
  Function:
    Timeout: 3
Resources:
  HelloWorldFunction:
    Type: AWS::Serverless::Function
    Properties:
      CodeUri: s3://aws-sam-cli-managed-default-samclisourcebucket-j546x6o7e1hu/sam-app/c508ae148912fb3ec7cb02b06aac8515
      Handler: app.lambda_handler
      Runtime: python2.7
      Events:
        HelloWorld:
          Type: Api
          Properties:
            Path: /hello
            Method: get
Outputs:
  HelloWorldApi:
    Description: API Gateway endpoint URL for Prod stage for Hello World function
    Value:
      Fn::Sub: https://${ServerlessRestApi}.execute-api.${AWS::Region}.amazonaws.com/Prod/hello/
  HelloWorldFunction:
    Description: Hello World Lambda Function ARN
    Value:
      Fn::GetAtt:
      - HelloWorldFunction
      - Arn
  HelloWorldFunctionIamRole:
    Description: Implicit IAM Role created for Hello World function
    Value:
      Fn::GetAtt:
      - HelloWorldFunctionRole
      - Arn





#########################################################################################################################

# Artefatos gerados no S3:

https://aws-sam-cli-managed-default-samclisourcebucket-j546x6o7e1hu.s3.amazonaws.com/sam-app/c508ae148912fb3ec7cb02b06aac8515
https://aws-sam-cli-managed-default-samclisourcebucket-j546x6o7e1hu.s3.amazonaws.com/sam-app/ebafee1b08adc2d401b5b26f315b3081.template




# Remover stack

aws cloudformation delete-stack --stack-name sam-app --region us-east-1




#########################################################################################################################
#
# Host your API locally
#
#########################################################################################################################


sam local start-api

curl http://127.0.0.1:3000/hello



